// Jest Snapshot v1, https://goo.gl/fbAQLP

exports[`renders correctly 1`] = `
<RNSVGSvgView
  align="xMidYMid"
  bbHeight="24"
  bbWidth="24"
  fill="none"
  focusable={false}
  height={24}
  meetOrSlice={0}
  minX={0}
  minY={0}
  stroke="currentColor"
  strokeLinecap="round"
  strokeLinejoin="round"
  strokeWidth={2}
  style={
    [
      {
        "backgroundColor": "transparent",
        "borderWidth": 0,
      },
      {
        "flex": 0,
        "height": 24,
        "width": 24,
      },
    ]
  }
  vbHeight={24}
  vbWidth={24}
  width={24}
  xmlns="http://www.w3.org/2000/svg"
>
  <RNSVGGroup
    fill={null}
    propList={
      [
        "fill",
        "stroke",
        "strokeWidth",
        "strokeLinecap",
        "strokeLinejoin",
      ]
    }
    stroke={
      {
        "type": 2,
      }
    }
    strokeLinecap={1}
    strokeLinejoin={1}
    strokeWidth="2"
  >
    <RNSVGLine
      x1="18"
      x2="6"
      y1="6"
      y2="18"
    />
    <RNSVGLine
      x1="6"
      x2="18"
      y1="6"
      y2="18"
    />
  </RNSVGGroup>
</RNSVGSvgView>
`;
