// Jest Snapshot v1, https://goo.gl/fbAQLP

exports[`renders correctly 1`] = `
<View>
  <Text>
    Open up src/screens/HomeScreen.tsx to start working on your app!
  </Text>
</View>
`;
