// Jest Snapshot v1, https://goo.gl/fbAQLP

exports[`renders correctly 1`] = `
<Text>
  Text test
</Text>
`;

exports[`renders mono text 1`] = `
<Text>
  Mono text test
</Text>
`;
